ARM Linker, 5.03 [Build 24] [MDK-ARM Standard]

==============================================================================

Section Cross References

    startup_lpc11xx.o(STACK) refers (Special) to heapauxi.o(.text) for __use_two_region_memory
    startup_lpc11xx.o(HEAP) refers (Special) to heapauxi.o(.text) for __use_two_region_memory
    startup_lpc11xx.o(RESET) refers (Special) to heapauxi.o(.text) for __use_two_region_memory
    startup_lpc11xx.o(RESET) refers to startup_lpc11xx.o(STACK) for __initial_sp
    startup_lpc11xx.o(RESET) refers to startup_lpc11xx.o(.text) for Reset_Handler
    startup_lpc11xx.o(RESET) refers to uart.o(.text) for UART_IRQHandler
    startup_lpc11xx.o(.ARM.__at_0x02FC) refers (Special) to heapauxi.o(.text) for __use_two_region_memory
    startup_lpc11xx.o(.text) refers (Special) to heapauxi.o(.text) for __use_two_region_memory
    startup_lpc11xx.o(.text) refers to system_lpc11xx.o(.text) for SystemInit
    startup_lpc11xx.o(.text) refers to __main.o(!!!main) for __main
    startup_lpc11xx.o(.text) refers to startup_lpc11xx.o(HEAP) for Heap_Mem
    startup_lpc11xx.o(.text) refers to startup_lpc11xx.o(STACK) for Stack_Mem
    fm175xx.o(.text) refers to lpc11xx_spi.o(.text) for spi_Init
    fm175xx.o(.text) refers to utility.o(.text) for Delay100us
    fm175xx.o(.text) refers to aeabi_sdiv.o(.text) for __aeabi_uidivmod
    uart.o(.text) refers to aeabi_sdiv.o(.text) for __aeabi_uidivmod
    uart.o(.text) refers to system_lpc11xx.o(.data) for SystemFrequency
    uart.o(.text) refers to uart.o(.data) for GulNum
    uart.o(.text) refers to uart.o(.bss) for Recv_Buff
    system_lpc11xx.o(.text) refers to system_lpc11xx.o(i.__ARM_common_switch8) for __ARM_common_switch8
    system_lpc11xx.o(.text) refers to aeabi_sdiv.o(.text) for __aeabi_uidivmod
    system_lpc11xx.o(.text) refers to system_lpc11xx.o(.data) for SystemFrequency
    mifare_card.o(.text) refers to fm175xx.o(.text) for Pcd_SetTimer
    type_a.o(.text) refers to fm175xx.o(.text) for Clear_BitMask
    type_b.o(.text) refers to fm175xx.o(.text) for Pcd_SetTimer
    type_b.o(.text) refers to rt_memcpy.o(.text) for __aeabi_memcpy
    main.o(.text) refers to uart.o(.text) for uartSendStr
    main.o(.text) refers to system_lpc11xx.o(.text) for SystemInit
    main.o(.text) refers to fm175xx.o(.text) for pcd_Init
    main.o(.text) refers to utility.o(.text) for Delay100us
    main.o(.text) refers to lpc11xx_spi.o(.text) for spi_SetReg
    main.o(.text) refers to lpcd_api.o(.text) for LpcdParamInit
    main.o(.text) refers to lpcd_regctrl.o(.text) for GetReg_Ext
    main.o(.text) refers to uart.o(.bss) for Send_Buff
    main.o(.text) refers to main.o(.data) for Event_Flag
    lpcd_api.o(.text) refers to lpc11xx_spi.o(.text) for spi_SetReg
    lpcd_api.o(.text) refers to lpcd_regctrl.o(.text) for SetReg_Ext
    lpcd_api.o(.text) refers to fflti.o(.text) for __aeabi_ui2f
    lpcd_api.o(.text) refers to fmul.o(x$fpl$fmul) for __aeabi_fmul
    lpcd_api.o(.text) refers to ffixui.o(.text) for __aeabi_f2uiz
    lpcd_api.o(.text) refers to utility.o(.text) for Delay100us
    lpcd_api.o(.text) refers to lpcd_api.o(.data) for LpcdBiasCurrent
    lpcd_api.o(.text) refers to uart.o(.text) for uartSendByte
    lpcd_api.o(.text) refers to fm175xx.o(.text) for NRSTPD_CTRL
    lpcd_api.o(.text) refers to main.o(.data) for Event_Flag
    lpcd_regctrl.o(.text) refers to lpc11xx_spi.o(.text) for spi_SetReg
    rt_memcpy.o(.text) refers to rt_memcpy.o(.emb_text) for __aeabi_memcpy4
    __main.o(!!!main) refers to rtentry.o(.ARM.Collect$$rtentry$$00000000) for __rt_entry
    ffixui.o(.text) refers (Special) to usenofp.o(x$fpl$usenofp) for __I$use$fp
    fflti.o(.text) refers (Special) to usenofp.o(x$fpl$usenofp) for __I$use$fp
    fmul.o(x$fpl$fmul) refers (Special) to usenofp.o(x$fpl$usenofp) for __I$use$fp
    rtentry.o(.ARM.Collect$$rtentry$$00000000) refers (Special) to rtentry2.o(.ARM.Collect$$rtentry$$0000000A) for __rt_entry_li
    rtentry.o(.ARM.Collect$$rtentry$$00000000) refers (Special) to rtentry2.o(.ARM.Collect$$rtentry$$0000000D) for __rt_entry_main
    rtentry.o(.ARM.Collect$$rtentry$$00000000) refers (Special) to rtentry2.o(.ARM.Collect$$rtentry$$0000000C) for __rt_entry_postli_1
    rtentry.o(.ARM.Collect$$rtentry$$00000000) refers (Special) to rtentry2.o(.ARM.Collect$$rtentry$$00000009) for __rt_entry_postsh_1
    rtentry.o(.ARM.Collect$$rtentry$$00000000) refers (Special) to rtentry2.o(.ARM.Collect$$rtentry$$00000002) for __rt_entry_presh_1
    rtentry.o(.ARM.Collect$$rtentry$$00000000) refers (Special) to rtentry4.o(.ARM.Collect$$rtentry$$00000004) for __rt_entry_sh
    aeabi_idiv0_sigfpe.o(.text) refers to rt_div0.o(.text) for __rt_div0
    rtentry2.o(.ARM.Collect$$rtentry$$00000008) refers to boardinit2.o(.text) for _platform_post_stackheap_init
    rtentry2.o(.ARM.Collect$$rtentry$$0000000A) refers to libinit.o(.ARM.Collect$$libinit$$00000000) for __rt_lib_init
    rtentry2.o(.ARM.Collect$$rtentry$$0000000B) refers to boardinit3.o(.text) for _platform_post_lib_init
    rtentry2.o(.ARM.Collect$$rtentry$$0000000D) refers to main.o(.text) for main
    rtentry2.o(.ARM.Collect$$rtentry$$0000000D) refers to exit.o(.text) for exit
    rtentry2.o(.ARM.exidx) refers to rtentry2.o(.ARM.Collect$$rtentry$$00000001) for .ARM.Collect$$rtentry$$00000001
    rtentry2.o(.ARM.exidx) refers to rtentry2.o(.ARM.Collect$$rtentry$$00000008) for .ARM.Collect$$rtentry$$00000008
    rtentry2.o(.ARM.exidx) refers to rtentry2.o(.ARM.Collect$$rtentry$$0000000A) for .ARM.Collect$$rtentry$$0000000A
    rtentry2.o(.ARM.exidx) refers to rtentry2.o(.ARM.Collect$$rtentry$$0000000B) for .ARM.Collect$$rtentry$$0000000B
    rtentry2.o(.ARM.exidx) refers to rtentry2.o(.ARM.Collect$$rtentry$$0000000D) for .ARM.Collect$$rtentry$$0000000D
    rtentry4.o(.ARM.Collect$$rtentry$$00000004) refers to sys_stackheap_outer.o(.text) for __user_setup_stackheap
    rtentry4.o(.ARM.exidx) refers to rtentry4.o(.ARM.Collect$$rtentry$$00000004) for .ARM.Collect$$rtentry$$00000004
    rt_div0.o(.text) refers to defsig_fpe_outer.o(.text) for __rt_SIGFPE
    sys_stackheap_outer.o(.text) refers to libspace.o(.text) for __user_perproc_libspace
    sys_stackheap_outer.o(.text) refers to startup_lpc11xx.o(.text) for __user_initial_stackheap
    sys_stackheap_outer.o(__vectab_stack_and_reset_area) refers to tempstk.o(.text) for __temporary_stack_top
    sys_stackheap_outer.o(__vectab_stack_and_reset_area) refers to __main.o(!!!main) for __main
    exit.o(.text) refers to rtexit.o(.ARM.Collect$$rtexit$$00000000) for __rt_exit
    defsig_fpe_outer.o(.text) refers to defsig_fpe_inner.o(.text) for __rt_SIGFPE_inner
    defsig_fpe_outer.o(.text) refers to defsig_exit.o(.text) for __sig_exit
    defsig_fpe_formal.o(.text) refers to rt_raise.o(.text) for __rt_raise
    libinit.o(.ARM.Collect$$libinit$$00000000) refers (Special) to libinit2.o(.ARM.Collect$$libinit$$0000002C) for __rt_lib_init_alloca_1
    libinit.o(.ARM.Collect$$libinit$$00000000) refers (Special) to libinit2.o(.ARM.Collect$$libinit$$0000002A) for __rt_lib_init_argv_1
    libinit.o(.ARM.Collect$$libinit$$00000000) refers (Special) to libinit2.o(.ARM.Collect$$libinit$$00000019) for __rt_lib_init_atexit_1
    libinit.o(.ARM.Collect$$libinit$$00000000) refers (Special) to libinit2.o(.ARM.Collect$$libinit$$0000001F) for __rt_lib_init_clock_1
    libinit.o(.ARM.Collect$$libinit$$00000000) refers (Special) to libinit2.o(.ARM.Collect$$libinit$$00000030) for __rt_lib_init_cpp_1
    libinit.o(.ARM.Collect$$libinit$$00000000) refers (Special) to libinit2.o(.ARM.Collect$$libinit$$0000002E) for __rt_lib_init_exceptions_1
    libinit.o(.ARM.Collect$$libinit$$00000000) refers (Special) to libinit2.o(.ARM.Collect$$libinit$$00000001) for __rt_lib_init_fp_1
    libinit.o(.ARM.Collect$$libinit$$00000000) refers (Special) to libinit2.o(.ARM.Collect$$libinit$$0000001D) for __rt_lib_init_fp_trap_1
    libinit.o(.ARM.Collect$$libinit$$00000000) refers (Special) to libinit2.o(.ARM.Collect$$libinit$$00000021) for __rt_lib_init_getenv_1
    libinit.o(.ARM.Collect$$libinit$$00000000) refers (Special) to libinit2.o(.ARM.Collect$$libinit$$00000008) for __rt_lib_init_heap_1
    libinit.o(.ARM.Collect$$libinit$$00000000) refers (Special) to libinit2.o(.ARM.Collect$$libinit$$0000000F) for __rt_lib_init_lc_collate_1
    libinit.o(.ARM.Collect$$libinit$$00000000) refers (Special) to libinit2.o(.ARM.Collect$$libinit$$00000011) for __rt_lib_init_lc_ctype_1
    libinit.o(.ARM.Collect$$libinit$$00000000) refers (Special) to libinit2.o(.ARM.Collect$$libinit$$00000013) for __rt_lib_init_lc_monetary_1
    libinit.o(.ARM.Collect$$libinit$$00000000) refers (Special) to libinit2.o(.ARM.Collect$$libinit$$00000015) for __rt_lib_init_lc_numeric_1
    libinit.o(.ARM.Collect$$libinit$$00000000) refers (Special) to libinit2.o(.ARM.Collect$$libinit$$00000017) for __rt_lib_init_lc_time_1
    libinit.o(.ARM.Collect$$libinit$$00000000) refers (Special) to libinit2.o(.ARM.Collect$$libinit$$0000000C) for __rt_lib_init_rand_1
    libinit.o(.ARM.Collect$$libinit$$00000000) refers (Special) to libinit2.o(.ARM.Collect$$libinit$$00000031) for __rt_lib_init_return
    libinit.o(.ARM.Collect$$libinit$$00000000) refers (Special) to libinit2.o(.ARM.Collect$$libinit$$0000001B) for __rt_lib_init_signal_1
    libinit.o(.ARM.Collect$$libinit$$00000000) refers (Special) to libinit2.o(.ARM.Collect$$libinit$$00000023) for __rt_lib_init_stdio_1
    libinit.o(.ARM.Collect$$libinit$$00000000) refers (Special) to libinit2.o(.ARM.Collect$$libinit$$0000000A) for __rt_lib_init_user_alloc_1
    libspace.o(.text) refers to libspace.o(.bss) for __libspace_start
    rtexit.o(.ARM.Collect$$rtexit$$00000000) refers (Special) to rtexit2.o(.ARM.Collect$$rtexit$$00000004) for __rt_exit_exit
    rtexit.o(.ARM.Collect$$rtexit$$00000000) refers (Special) to rtexit2.o(.ARM.Collect$$rtexit$$00000003) for __rt_exit_ls
    rtexit.o(.ARM.Collect$$rtexit$$00000000) refers (Special) to rtexit2.o(.ARM.Collect$$rtexit$$00000002) for __rt_exit_prels_1
    rtexit.o(.ARM.exidx) refers (Special) to rtexit2.o(.ARM.Collect$$rtexit$$00000004) for __rt_exit_exit
    rtexit.o(.ARM.exidx) refers (Special) to rtexit2.o(.ARM.Collect$$rtexit$$00000003) for __rt_exit_ls
    rtexit.o(.ARM.exidx) refers (Special) to rtexit2.o(.ARM.Collect$$rtexit$$00000002) for __rt_exit_prels_1
    rtexit.o(.ARM.exidx) refers to rtexit.o(.ARM.Collect$$rtexit$$00000000) for .ARM.Collect$$rtexit$$00000000
    rt_raise.o(.text) refers to __raise.o(.text) for __raise
    rt_raise.o(.text) refers to sys_exit.o(.text) for _sys_exit
    defsig_exit.o(.text) refers to sys_exit.o(.text) for _sys_exit
    defsig_fpe_inner.o(.text) refers to defsig_general.o(.text) for __default_signal_display
    libinit2.o(.ARM.Collect$$libinit$$0000000E) refers to libinit2.o(.ARM.Collect$$libinit$$0000000D) for .ARM.Collect$$libinit$$0000000D
    libinit2.o(.ARM.Collect$$libinit$$00000010) refers to libinit2.o(.ARM.Collect$$libinit$$0000000D) for .ARM.Collect$$libinit$$0000000D
    libinit2.o(.ARM.Collect$$libinit$$00000012) refers to libinit2.o(.ARM.Collect$$libinit$$0000000D) for .ARM.Collect$$libinit$$0000000D
    libinit2.o(.ARM.Collect$$libinit$$00000014) refers to libinit2.o(.ARM.Collect$$libinit$$0000000D) for .ARM.Collect$$libinit$$0000000D
    libinit2.o(.ARM.Collect$$libinit$$00000016) refers to libinit2.o(.ARM.Collect$$libinit$$0000000D) for .ARM.Collect$$libinit$$0000000D
    libinit2.o(.ARM.Collect$$libinit$$00000024) refers to argv_veneer.o(.text) for __ARM_argv_veneer
    libinit2.o(.ARM.Collect$$libinit$$00000025) refers to argv_veneer.o(.text) for __ARM_argv_veneer
    sys_exit.o(.text) refers (Special) to use_no_semi.o(.text) for __I$use$semihosting
    sys_exit.o(.text) refers (Special) to indicate_semi.o(.text) for __semihosting_library_function
    rtexit2.o(.ARM.Collect$$rtexit$$00000003) refers to libshutdown.o(.ARM.Collect$$libshutdown$$00000000) for __rt_lib_shutdown
    rtexit2.o(.ARM.Collect$$rtexit$$00000004) refers to sys_exit.o(.text) for _sys_exit
    rtexit2.o(.ARM.exidx) refers to rtexit2.o(.ARM.Collect$$rtexit$$00000001) for .ARM.Collect$$rtexit$$00000001
    rtexit2.o(.ARM.exidx) refers to rtexit2.o(.ARM.Collect$$rtexit$$00000003) for .ARM.Collect$$rtexit$$00000003
    rtexit2.o(.ARM.exidx) refers to rtexit2.o(.ARM.Collect$$rtexit$$00000004) for .ARM.Collect$$rtexit$$00000004
    __raise.o(.text) refers to defsig.o(CL$$defsig) for __default_signal_handler
    defsig_general.o(.text) refers to sys_wrch.o(.text) for _ttywrch
    sys_wrch.o(.text) refers (Special) to use_no_semi.o(.text) for __I$use$semihosting
    sys_wrch.o(.text) refers (Special) to indicate_semi.o(.text) for __semihosting_library_function
    defsig.o(CL$$defsig) refers to defsig_fpe_inner.o(.text) for __rt_SIGFPE_inner
    defsig.o(CL$$defsig) refers to defsig_rtmem_inner.o(.text) for __rt_SIGRTMEM_inner
    _get_argv_nomalloc.o(.text) refers (Special) to hrguard.o(.text) for __heap_region$guard
    _get_argv_nomalloc.o(.text) refers to defsig_rtmem_outer.o(.text) for __rt_SIGRTMEM
    _get_argv_nomalloc.o(.text) refers to sys_command.o(.text) for _sys_command_string
    libshutdown.o(.ARM.Collect$$libshutdown$$00000000) refers (Special) to libshutdown2.o(.ARM.Collect$$libshutdown$$00000006) for __rt_lib_shutdown_fp_trap_1
    libshutdown.o(.ARM.Collect$$libshutdown$$00000000) refers (Special) to libshutdown2.o(.ARM.Collect$$libshutdown$$0000000E) for __rt_lib_shutdown_heap_1
    libshutdown.o(.ARM.Collect$$libshutdown$$00000000) refers (Special) to libshutdown2.o(.ARM.Collect$$libshutdown$$0000000F) for __rt_lib_shutdown_return
    libshutdown.o(.ARM.Collect$$libshutdown$$00000000) refers (Special) to libshutdown2.o(.ARM.Collect$$libshutdown$$00000009) for __rt_lib_shutdown_signal_1
    libshutdown.o(.ARM.Collect$$libshutdown$$00000000) refers (Special) to libshutdown2.o(.ARM.Collect$$libshutdown$$00000003) for __rt_lib_shutdown_stdio_1
    libshutdown.o(.ARM.Collect$$libshutdown$$00000000) refers (Special) to libshutdown2.o(.ARM.Collect$$libshutdown$$0000000B) for __rt_lib_shutdown_user_alloc_1
    sys_command.o(.text) refers (Special) to use_no_semi.o(.text) for __I$use$semihosting
    sys_command.o(.text) refers (Special) to indicate_semi.o(.text) for __semihosting_library_function
    defsig_abrt_inner.o(.text) refers to defsig_general.o(.text) for __default_signal_display
    defsig_rtred_inner.o(.text) refers to defsig_general.o(.text) for __default_signal_display
    defsig_rtmem_inner.o(.text) refers to defsig_general.o(.text) for __default_signal_display
    defsig_rtmem_outer.o(.text) refers to defsig_rtmem_inner.o(.text) for __rt_SIGRTMEM_inner
    defsig_rtmem_outer.o(.text) refers to defsig_exit.o(.text) for __sig_exit
    defsig_rtmem_formal.o(.text) refers to rt_raise.o(.text) for __rt_raise
    defsig_stak_inner.o(.text) refers to defsig_general.o(.text) for __default_signal_display
    defsig_pvfn_inner.o(.text) refers to defsig_general.o(.text) for __default_signal_display
    defsig_cppl_inner.o(.text) refers to defsig_general.o(.text) for __default_signal_display
    defsig_segv_inner.o(.text) refers to defsig_general.o(.text) for __default_signal_display
    defsig_other.o(.text) refers to defsig_general.o(.text) for __default_signal_display


==============================================================================

Removing Unused input sections from the image.

    Removing fm175xx.o(.rev16_text), (4 bytes).
    Removing fm175xx.o(.revsh_text), (4 bytes).
    Removing fm175xx.o(.data), (1 bytes).
    Removing uart.o(.rev16_text), (4 bytes).
    Removing uart.o(.revsh_text), (4 bytes).
    Removing lpc11xx_spi.o(.rev16_text), (4 bytes).
    Removing lpc11xx_spi.o(.revsh_text), (4 bytes).
    Removing mifare_card.o(.text), (902 bytes).
    Removing type_a.o(.text), (806 bytes).
    Removing type_a.o(.bss), (15 bytes).
    Removing type_a.o(.data), (5 bytes).
    Removing type_b.o(.text), (310 bytes).
    Removing type_b.o(.data), (4 bytes).
    Removing main.o(.rev16_text), (4 bytes).
    Removing main.o(.revsh_text), (4 bytes).
    Removing lpcd_api.o(.rev16_text), (4 bytes).
    Removing lpcd_api.o(.revsh_text), (4 bytes).
    Removing lpcd_api.o(.bss), (10 bytes).

18 unused section(s) (total 2093 bytes) removed from the image.

==============================================================================

Image Symbol Table

    Local Symbols

    Symbol Name                              Value     Ov Type        Size  Object(Section)

    RESET                                    0x00000000   Section      192  startup_lpc11xx.o(RESET)
    ../clib/angel/boardlib.s                 0x00000000   Number         0  boardinit1.o ABSOLUTE
    ../clib/angel/boardlib.s                 0x00000000   Number         0  boardshut.o ABSOLUTE
    ../clib/angel/boardlib.s                 0x00000000   Number         0  boardinit3.o ABSOLUTE
    ../clib/angel/boardlib.s                 0x00000000   Number         0  boardinit2.o ABSOLUTE
    ../clib/angel/handlers.s                 0x00000000   Number         0  __scatter_copy.o ABSOLUTE
    ../clib/angel/handlers.s                 0x00000000   Number         0  __scatter_zi.o ABSOLUTE
    ../clib/angel/kernel.s                   0x00000000   Number         0  rtexit2.o ABSOLUTE
    ../clib/angel/kernel.s                   0x00000000   Number         0  rtentry.o ABSOLUTE
    ../clib/angel/kernel.s                   0x00000000   Number         0  rtentry2.o ABSOLUTE
    ../clib/angel/kernel.s                   0x00000000   Number         0  rtexit.o ABSOLUTE
    ../clib/angel/kernel.s                   0x00000000   Number         0  rtentry4.o ABSOLUTE
    ../clib/angel/rt.s                       0x00000000   Number         0  aeabi_idiv0.o ABSOLUTE
    ../clib/angel/rt.s                       0x00000000   Number         0  aeabi_idiv0_sigfpe.o ABSOLUTE
    ../clib/angel/rt.s                       0x00000000   Number         0  rt_raise.o ABSOLUTE
    ../clib/angel/rt.s                       0x00000000   Number         0  rt_div0.o ABSOLUTE
    ../clib/angel/scatterp.s                 0x00000000   Number         0  __scatter.o ABSOLUTE
    ../clib/angel/startup.s                  0x00000000   Number         0  __main.o ABSOLUTE
    ../clib/angel/sys.s                      0x00000000   Number         0  use_no_semi.o ABSOLUTE
    ../clib/angel/sys.s                      0x00000000   Number         0  indicate_semi.o ABSOLUTE
    ../clib/angel/sys.s                      0x00000000   Number         0  tempstk.o ABSOLUTE
    ../clib/angel/sys.s                      0x00000000   Number         0  libspace.o ABSOLUTE
    ../clib/angel/sys.s                      0x00000000   Number         0  sys_stackheap_outer.o ABSOLUTE
    ../clib/angel/sysapp.c                   0x00000000   Number         0  sys_exit.o ABSOLUTE
    ../clib/angel/sysapp.c                   0x00000000   Number         0  sys_command.o ABSOLUTE
    ../clib/angel/sysapp.c                   0x00000000   Number         0  sys_wrch.o ABSOLUTE
    ../clib/armsys.c                         0x00000000   Number         0  _get_argv_nomalloc.o ABSOLUTE
    ../clib/armsys.c                         0x00000000   Number         0  argv_veneer.o ABSOLUTE
    ../clib/armsys.c                         0x00000000   Number         0  no_argv.o ABSOLUTE
    ../clib/division.s                       0x00000000   Number         0  aeabi_sdiv_div0.o ABSOLUTE
    ../clib/division.s                       0x00000000   Number         0  aeabi_sdiv.o ABSOLUTE
    ../clib/heapalloc.c                      0x00000000   Number         0  hrguard.o ABSOLUTE
    ../clib/heapaux.c                        0x00000000   Number         0  heapauxi.o ABSOLUTE
    ../clib/libinit.s                        0x00000000   Number         0  libshutdown2.o ABSOLUTE
    ../clib/libinit.s                        0x00000000   Number         0  libinit2.o ABSOLUTE
    ../clib/libinit.s                        0x00000000   Number         0  libinit.o ABSOLUTE
    ../clib/libinit.s                        0x00000000   Number         0  libshutdown.o ABSOLUTE
    ../clib/memcpset.c                       0x00000000   Number         0  rt_memcpy.o ABSOLUTE
    ../clib/memcpset.c                       0x00000000   Number         0  rt_memcpy.o ABSOLUTE
    ../clib/signal.c                         0x00000000   Number         0  defsig_abrt_inner.o ABSOLUTE
    ../clib/signal.c                         0x00000000   Number         0  defsig_rtmem_inner.o ABSOLUTE
    ../clib/signal.c                         0x00000000   Number         0  __raise.o ABSOLUTE
    ../clib/signal.c                         0x00000000   Number         0  defsig_segv_inner.o ABSOLUTE
    ../clib/signal.c                         0x00000000   Number         0  defsig_fpe_formal.o ABSOLUTE
    ../clib/signal.c                         0x00000000   Number         0  defsig_other.o ABSOLUTE
    ../clib/signal.c                         0x00000000   Number         0  defsig_cppl_inner.o ABSOLUTE
    ../clib/signal.c                         0x00000000   Number         0  defsig_pvfn_inner.o ABSOLUTE
    ../clib/signal.c                         0x00000000   Number         0  defsig_general.o ABSOLUTE
    ../clib/signal.c                         0x00000000   Number         0  defsig_exit.o ABSOLUTE
    ../clib/signal.c                         0x00000000   Number         0  defsig_stak_inner.o ABSOLUTE
    ../clib/signal.c                         0x00000000   Number         0  defsig_rtmem_formal.o ABSOLUTE
    ../clib/signal.c                         0x00000000   Number         0  defsig_rtmem_outer.o ABSOLUTE
    ../clib/signal.c                         0x00000000   Number         0  defsig_rtred_inner.o ABSOLUTE
    ../clib/signal.c                         0x00000000   Number         0  defsig_fpe_outer.o ABSOLUTE
    ../clib/signal.c                         0x00000000   Number         0  defsig_fpe_inner.o ABSOLUTE
    ../clib/signal.s                         0x00000000   Number         0  defsig.o ABSOLUTE
    ../clib/stdlib.c                         0x00000000   Number         0  exit.o ABSOLUTE
    ../fplib/cfplib/ffix.c                   0x00000000   Number         0  ffixui.o ABSOLUTE
    ../fplib/cfplib/fflt.c                   0x00000000   Number         0  fflti.o ABSOLUTE
    ../fplib/cfplib/fpinit.c                 0x00000000   Number         0  fpinit.o ABSOLUTE
    ../fplib/fmul6m.s                        0x00000000   Number         0  fmul.o ABSOLUTE
    ../fplib/usenofp.s                       0x00000000   Number         0  usenofp.o ABSOLUTE
    Application\\main.c                      0x00000000   Number         0  main.o ABSOLUTE
    Application\main.c                       0x00000000   Number         0  main.o ABSOLUTE
    Driver\CM0\core_cm0.c                    0x00000000   Number         0  core_cm0.o ABSOLUTE
    Driver\Chip\LPC11XX_SPI.c                0x00000000   Number         0  lpc11xx_spi.o ABSOLUTE
    Driver\LPC11xx\system_LPC11xx.c          0x00000000   Number         0  system_lpc11xx.o ABSOLUTE
    Driver\Uart.c                            0x00000000   Number         0  uart.o ABSOLUTE
    Driver\\Chip\\LPC11XX_SPI.c              0x00000000   Number         0  lpc11xx_spi.o ABSOLUTE
    Driver\\Uart.c                           0x00000000   Number         0  uart.o ABSOLUTE
    Driver\\fm175xx.c                        0x00000000   Number         0  fm175xx.o ABSOLUTE
    Driver\fm175xx.c                         0x00000000   Number         0  fm175xx.o ABSOLUTE
    LPCD\\src\\lpcd_api.c                    0x00000000   Number         0  lpcd_api.o ABSOLUTE
    LPCD\src\lpcd_api.c                      0x00000000   Number         0  lpcd_api.o ABSOLUTE
    LPCD\src\lpcd_regctrl.c                  0x00000000   Number         0  lpcd_regctrl.o ABSOLUTE
    Middle\Utility\Utility.c                 0x00000000   Number         0  utility.o ABSOLUTE
    Middle\mifare_card.c                     0x00000000   Number         0  mifare_card.o ABSOLUTE
    Middle\type_a.c                          0x00000000   Number         0  type_a.o ABSOLUTE
    Middle\type_b.c                          0x00000000   Number         0  type_b.o ABSOLUTE
    dc.s                                     0x00000000   Number         0  dc.o ABSOLUTE
    startup_LPC11xx.s                        0x00000000   Number         0  startup_lpc11xx.o ABSOLUTE
    !!!main                                  0x000000c0   Section        8  __main.o(!!!main)
    !!!scatter                               0x000000c8   Section       60  __scatter.o(!!!scatter)
    !!handler_copy                           0x00000104   Section       26  __scatter_copy.o(!!handler_copy)
    !!handler_zi                             0x00000120   Section       28  __scatter_zi.o(!!handler_zi)
    .ARM.Collect$$libinit$$00000000          0x0000013c   Section        2  libinit.o(.ARM.Collect$$libinit$$00000000)
    .ARM.Collect$$libinit$$00000001          0x0000013e   Section        4  libinit2.o(.ARM.Collect$$libinit$$00000001)
    .ARM.Collect$$libinit$$00000008          0x00000142   Section        0  libinit2.o(.ARM.Collect$$libinit$$00000008)
    .ARM.Collect$$libinit$$0000000A          0x00000142   Section        0  libinit2.o(.ARM.Collect$$libinit$$0000000A)
    .ARM.Collect$$libinit$$0000000C          0x00000142   Section        0  libinit2.o(.ARM.Collect$$libinit$$0000000C)
    .ARM.Collect$$libinit$$0000000F          0x00000142   Section        0  libinit2.o(.ARM.Collect$$libinit$$0000000F)
    .ARM.Collect$$libinit$$00000011          0x00000142   Section        0  libinit2.o(.ARM.Collect$$libinit$$00000011)
    .ARM.Collect$$libinit$$00000013          0x00000142   Section        0  libinit2.o(.ARM.Collect$$libinit$$00000013)
    .ARM.Collect$$libinit$$00000015          0x00000142   Section        0  libinit2.o(.ARM.Collect$$libinit$$00000015)
    .ARM.Collect$$libinit$$00000017          0x00000142   Section        0  libinit2.o(.ARM.Collect$$libinit$$00000017)
    .ARM.Collect$$libinit$$00000019          0x00000142   Section        0  libinit2.o(.ARM.Collect$$libinit$$00000019)
    .ARM.Collect$$libinit$$0000001B          0x00000142   Section        0  libinit2.o(.ARM.Collect$$libinit$$0000001B)
    .ARM.Collect$$libinit$$0000001D          0x00000142   Section        0  libinit2.o(.ARM.Collect$$libinit$$0000001D)
    .ARM.Collect$$libinit$$0000001F          0x00000142   Section        0  libinit2.o(.ARM.Collect$$libinit$$0000001F)
    .ARM.Collect$$libinit$$00000021          0x00000142   Section        0  libinit2.o(.ARM.Collect$$libinit$$00000021)
    .ARM.Collect$$libinit$$00000023          0x00000142   Section        0  libinit2.o(.ARM.Collect$$libinit$$00000023)
    .ARM.Collect$$libinit$$0000002A          0x00000142   Section        0  libinit2.o(.ARM.Collect$$libinit$$0000002A)
    .ARM.Collect$$libinit$$0000002C          0x00000142   Section        0  libinit2.o(.ARM.Collect$$libinit$$0000002C)
    .ARM.Collect$$libinit$$0000002E          0x00000142   Section        0  libinit2.o(.ARM.Collect$$libinit$$0000002E)
    .ARM.Collect$$libinit$$00000030          0x00000142   Section        0  libinit2.o(.ARM.Collect$$libinit$$00000030)
    .ARM.Collect$$libinit$$00000031          0x00000142   Section        2  libinit2.o(.ARM.Collect$$libinit$$00000031)
    .ARM.Collect$$libshutdown$$00000000      0x00000144   Section        2  libshutdown.o(.ARM.Collect$$libshutdown$$00000000)
    .ARM.Collect$$libshutdown$$00000003      0x00000146   Section        0  libshutdown2.o(.ARM.Collect$$libshutdown$$00000003)
    .ARM.Collect$$libshutdown$$00000006      0x00000146   Section        0  libshutdown2.o(.ARM.Collect$$libshutdown$$00000006)
    .ARM.Collect$$libshutdown$$00000009      0x00000146   Section        0  libshutdown2.o(.ARM.Collect$$libshutdown$$00000009)
    .ARM.Collect$$libshutdown$$0000000B      0x00000146   Section        0  libshutdown2.o(.ARM.Collect$$libshutdown$$0000000B)
    .ARM.Collect$$libshutdown$$0000000E      0x00000146   Section        0  libshutdown2.o(.ARM.Collect$$libshutdown$$0000000E)
    .ARM.Collect$$libshutdown$$0000000F      0x00000146   Section        2  libshutdown2.o(.ARM.Collect$$libshutdown$$0000000F)
    .ARM.Collect$$rtentry$$00000000          0x00000148   Section        0  rtentry.o(.ARM.Collect$$rtentry$$00000000)
    .ARM.Collect$$rtentry$$00000002          0x00000148   Section        0  rtentry2.o(.ARM.Collect$$rtentry$$00000002)
    .ARM.Collect$$rtentry$$00000004          0x00000148   Section        6  rtentry4.o(.ARM.Collect$$rtentry$$00000004)
    .ARM.Collect$$rtentry$$00000009          0x0000014e   Section        0  rtentry2.o(.ARM.Collect$$rtentry$$00000009)
    .ARM.Collect$$rtentry$$0000000A          0x0000014e   Section        4  rtentry2.o(.ARM.Collect$$rtentry$$0000000A)
    .ARM.Collect$$rtentry$$0000000C          0x00000152   Section        0  rtentry2.o(.ARM.Collect$$rtentry$$0000000C)
    .ARM.Collect$$rtentry$$0000000D          0x00000152   Section        8  rtentry2.o(.ARM.Collect$$rtentry$$0000000D)
    .ARM.Collect$$rtexit$$00000000           0x0000015a   Section        2  rtexit.o(.ARM.Collect$$rtexit$$00000000)
    .ARM.Collect$$rtexit$$00000002           0x0000015c   Section        0  rtexit2.o(.ARM.Collect$$rtexit$$00000002)
    .ARM.Collect$$rtexit$$00000003           0x0000015c   Section        4  rtexit2.o(.ARM.Collect$$rtexit$$00000003)
    .ARM.Collect$$rtexit$$00000004           0x00000160   Section        6  rtexit2.o(.ARM.Collect$$rtexit$$00000004)
    .text                                    0x00000168   Section       52  startup_lpc11xx.o(.text)
    .text                                    0x0000019c   Section        0  lpc11xx_spi.o(.text)
    .text                                    0x000002cc   Section        0  heapauxi.o(.text)
    .text                                    0x000002d2   Section        0  exit.o(.text)
    .text                                    0x000002e0   Section        8  libspace.o(.text)
    .text                                    0x000002e8   Section        0  sys_exit.o(.text)
    .text                                    0x000002f4   Section        2  use_no_semi.o(.text)
    .text                                    0x000002f6   Section        0  indicate_semi.o(.text)
    x$fpl$usenofp                            0x000002f6   Section        0  usenofp.o(x$fpl$usenofp)
    .ARM.__at_0x02FC                         0x000002fc   Section        4  startup_lpc11xx.o(.ARM.__at_0x02FC)
    .text                                    0x00000300   Section        0  fm175xx.o(.text)
    .text                                    0x00000768   Section        0  uart.o(.text)
    NVIC_SetPriority                         0x000008bb   Thumb Code   110  uart.o(.text)
    .text                                    0x0000094c   Section        0  system_lpc11xx.o(.text)
    .text                                    0x00000bcc   Section        0  utility.o(.text)
    .text                                    0x00000c20   Section        0  main.o(.text)
    .text                                    0x00000da8   Section        0  lpcd_api.o(.text)
    ReadLpcdADCResult                        0x00001063   Thumb Code    98  lpcd_api.o(.text)
    WaitForLpcdIrq                           0x000010c5   Thumb Code   118  lpcd_api.o(.text)
    CalibraReadADCResult                     0x0000113b   Thumb Code   184  lpcd_api.o(.text)
    LpcdSet_ADCRefvoltage                    0x000011f3   Thumb Code   234  lpcd_api.o(.text)
    LpcdSet_PGA                              0x000012dd   Thumb Code   372  lpcd_api.o(.text)
    .text                                    0x0000165c   Section        0  lpcd_regctrl.o(.text)
    .text                                    0x0000171a   Section      346  aeabi_sdiv.o(.text)
    .text                                    0x00001874   Section        0  ffixui.o(.text)
    .text                                    0x000018a4   Section        0  fflti.o(.text)
    .text                                    0x00001902   Section       62  sys_stackheap_outer.o(.text)
    i.__ARM_common_switch8                   0x00001940   Section        0  system_lpc11xx.o(i.__ARM_common_switch8)
    x$fpl$fmul                               0x0000195c   Section      176  fmul.o(x$fpl$fmul)
    .data                                    0x10000000   Section        2  uart.o(.data)
    .data                                    0x10000004   Section        4  system_lpc11xx.o(.data)
    .data                                    0x10000008   Section       76  main.o(.data)
    .data                                    0x10000054   Section       13  lpcd_api.o(.data)
    .bss                                     0x10000064   Section      200  uart.o(.bss)
    .bss                                     0x1000012c   Section       96  libspace.o(.bss)
    HEAP                                     0x10000190   Section        0  startup_lpc11xx.o(HEAP)
    STACK                                    0x10000190   Section      512  startup_lpc11xx.o(STACK)
    Heap_Mem                                 0x10000190   Data           0  startup_lpc11xx.o(HEAP)
    Stack_Mem                                0x10000190   Data         512  startup_lpc11xx.o(STACK)
    __initial_sp                             0x10000390   Data           0  startup_lpc11xx.o(STACK)

    Global Symbols

    Symbol Name                              Value     Ov Type        Size  Object(Section)

    BuildAttributes$$THM_ISAv3M$S$PE$A:L22$X:L11$S22$IEEE1$IW$USESV6$~STKCKD$USESV7$~SHL$OSPACE$ROPI$EBA8$UX$STANDARDLIB$REQ8$PRES8$EABIv2 0x00000000   Number         0  anon$$obj.o ABSOLUTE
    __ARM_use_no_argv                        0x00000000   Number         0  main.o ABSOLUTE
    __Vectors                                0x00000000   Data           4  startup_lpc11xx.o(RESET)
    __ARM_exceptions_init                     - Undefined Weak Reference
    __alloca_initialize                       - Undefined Weak Reference
    __cpp_initialize__aeabi_                  - Undefined Weak Reference
    __cxa_finalize                            - Undefined Weak Reference
    __rt_locale                               - Undefined Weak Reference
    __sigvec_lookup                           - Undefined Weak Reference
    _atexit_init                              - Undefined Weak Reference
    _call_atexit_fns                          - Undefined Weak Reference
    _clock_init                               - Undefined Weak Reference
    _fp_trap_init                             - Undefined Weak Reference
    _fp_trap_shutdown                         - Undefined Weak Reference
    _get_lc_collate                           - Undefined Weak Reference
    _get_lc_ctype                             - Undefined Weak Reference
    _get_lc_monetary                          - Undefined Weak Reference
    _get_lc_numeric                           - Undefined Weak Reference
    _get_lc_time                              - Undefined Weak Reference
    _getenv_init                              - Undefined Weak Reference
    _handle_redirection                       - Undefined Weak Reference
    _init_alloc                               - Undefined Weak Reference
    _init_user_alloc                          - Undefined Weak Reference
    _initio                                   - Undefined Weak Reference
    _rand_init                                - Undefined Weak Reference
    _signal_finish                            - Undefined Weak Reference
    _signal_init                              - Undefined Weak Reference
    _terminate_alloc                          - Undefined Weak Reference
    _terminate_user_alloc                     - Undefined Weak Reference
    _terminateio                              - Undefined Weak Reference
    __main                                   0x000000c1   Thumb Code     8  __main.o(!!!main)
    __scatterload                            0x000000c9   Thumb Code     0  __scatter.o(!!!scatter)
    __scatterload_rt2                        0x000000c9   Thumb Code    52  __scatter.o(!!!scatter)
    __scatterload_rt2_thumb_only             0x000000c9   Thumb Code     0  __scatter.o(!!!scatter)
    __scatterload_null                       0x000000d9   Thumb Code     0  __scatter.o(!!!scatter)
    __scatterload_copy                       0x00000105   Thumb Code    26  __scatter_copy.o(!!handler_copy)
    __scatterload_zeroinit                   0x00000121   Thumb Code    28  __scatter_zi.o(!!handler_zi)
    __rt_lib_init                            0x0000013d   Thumb Code     0  libinit.o(.ARM.Collect$$libinit$$00000000)
    __rt_lib_init_fp_1                       0x0000013f   Thumb Code     0  libinit2.o(.ARM.Collect$$libinit$$00000001)
    __rt_lib_init_alloca_1                   0x00000143   Thumb Code     0  libinit2.o(.ARM.Collect$$libinit$$0000002C)
    __rt_lib_init_argv_1                     0x00000143   Thumb Code     0  libinit2.o(.ARM.Collect$$libinit$$0000002A)
    __rt_lib_init_atexit_1                   0x00000143   Thumb Code     0  libinit2.o(.ARM.Collect$$libinit$$00000019)
    __rt_lib_init_clock_1                    0x00000143   Thumb Code     0  libinit2.o(.ARM.Collect$$libinit$$0000001F)
    __rt_lib_init_cpp_1                      0x00000143   Thumb Code     0  libinit2.o(.ARM.Collect$$libinit$$00000030)
    __rt_lib_init_exceptions_1               0x00000143   Thumb Code     0  libinit2.o(.ARM.Collect$$libinit$$0000002E)
    __rt_lib_init_fp_trap_1                  0x00000143   Thumb Code     0  libinit2.o(.ARM.Collect$$libinit$$0000001D)
    __rt_lib_init_getenv_1                   0x00000143   Thumb Code     0  libinit2.o(.ARM.Collect$$libinit$$00000021)
    __rt_lib_init_heap_1                     0x00000143   Thumb Code     0  libinit2.o(.ARM.Collect$$libinit$$00000008)
    __rt_lib_init_lc_collate_1               0x00000143   Thumb Code     0  libinit2.o(.ARM.Collect$$libinit$$0000000F)
    __rt_lib_init_lc_ctype_1                 0x00000143   Thumb Code     0  libinit2.o(.ARM.Collect$$libinit$$00000011)
    __rt_lib_init_lc_monetary_1              0x00000143   Thumb Code     0  libinit2.o(.ARM.Collect$$libinit$$00000013)
    __rt_lib_init_lc_numeric_1               0x00000143   Thumb Code     0  libinit2.o(.ARM.Collect$$libinit$$00000015)
    __rt_lib_init_lc_time_1                  0x00000143   Thumb Code     0  libinit2.o(.ARM.Collect$$libinit$$00000017)
    __rt_lib_init_rand_1                     0x00000143   Thumb Code     0  libinit2.o(.ARM.Collect$$libinit$$0000000C)
    __rt_lib_init_return                     0x00000143   Thumb Code     0  libinit2.o(.ARM.Collect$$libinit$$00000031)
    __rt_lib_init_signal_1                   0x00000143   Thumb Code     0  libinit2.o(.ARM.Collect$$libinit$$0000001B)
    __rt_lib_init_stdio_1                    0x00000143   Thumb Code     0  libinit2.o(.ARM.Collect$$libinit$$00000023)
    __rt_lib_init_user_alloc_1               0x00000143   Thumb Code     0  libinit2.o(.ARM.Collect$$libinit$$0000000A)
    __rt_lib_shutdown                        0x00000145   Thumb Code     0  libshutdown.o(.ARM.Collect$$libshutdown$$00000000)
    __rt_lib_shutdown_fp_trap_1              0x00000147   Thumb Code     0  libshutdown2.o(.ARM.Collect$$libshutdown$$00000006)
    __rt_lib_shutdown_heap_1                 0x00000147   Thumb Code     0  libshutdown2.o(.ARM.Collect$$libshutdown$$0000000E)
    __rt_lib_shutdown_return                 0x00000147   Thumb Code     0  libshutdown2.o(.ARM.Collect$$libshutdown$$0000000F)
    __rt_lib_shutdown_signal_1               0x00000147   Thumb Code     0  libshutdown2.o(.ARM.Collect$$libshutdown$$00000009)
    __rt_lib_shutdown_stdio_1                0x00000147   Thumb Code     0  libshutdown2.o(.ARM.Collect$$libshutdown$$00000003)
    __rt_lib_shutdown_user_alloc_1           0x00000147   Thumb Code     0  libshutdown2.o(.ARM.Collect$$libshutdown$$0000000B)
    __rt_entry                               0x00000149   Thumb Code     0  rtentry.o(.ARM.Collect$$rtentry$$00000000)
    __rt_entry_presh_1                       0x00000149   Thumb Code     0  rtentry2.o(.ARM.Collect$$rtentry$$00000002)
    __rt_entry_sh                            0x00000149   Thumb Code     0  rtentry4.o(.ARM.Collect$$rtentry$$00000004)
    __rt_entry_li                            0x0000014f   Thumb Code     0  rtentry2.o(.ARM.Collect$$rtentry$$0000000A)
    __rt_entry_postsh_1                      0x0000014f   Thumb Code     0  rtentry2.o(.ARM.Collect$$rtentry$$00000009)
    __rt_entry_main                          0x00000153   Thumb Code     0  rtentry2.o(.ARM.Collect$$rtentry$$0000000D)
    __rt_entry_postli_1                      0x00000153   Thumb Code     0  rtentry2.o(.ARM.Collect$$rtentry$$0000000C)
    __rt_exit                                0x0000015b   Thumb Code     0  rtexit.o(.ARM.Collect$$rtexit$$00000000)
    __rt_exit_ls                             0x0000015d   Thumb Code     0  rtexit2.o(.ARM.Collect$$rtexit$$00000003)
    __rt_exit_prels_1                        0x0000015d   Thumb Code     0  rtexit2.o(.ARM.Collect$$rtexit$$00000002)
    __rt_exit_exit                           0x00000161   Thumb Code     0  rtexit2.o(.ARM.Collect$$rtexit$$00000004)
    Reset_Handler                            0x00000169   Thumb Code     8  startup_lpc11xx.o(.text)
    NMI_Handler                              0x00000171   Thumb Code     2  startup_lpc11xx.o(.text)
    HardFault_Handler                        0x00000173   Thumb Code     2  startup_lpc11xx.o(.text)
    SVC_Handler                              0x00000175   Thumb Code     2  startup_lpc11xx.o(.text)
    PendSV_Handler                           0x00000177   Thumb Code     2  startup_lpc11xx.o(.text)
    SysTick_Handler                          0x00000179   Thumb Code     2  startup_lpc11xx.o(.text)
    ADC_IRQHandler                           0x0000017b   Thumb Code     0  startup_lpc11xx.o(.text)
    BOD_IRQHandler                           0x0000017b   Thumb Code     0  startup_lpc11xx.o(.text)
    CAN_IRQHandler                           0x0000017b   Thumb Code     0  startup_lpc11xx.o(.text)
    FMC_IRQHandler                           0x0000017b   Thumb Code     0  startup_lpc11xx.o(.text)
    I2C_IRQHandler                           0x0000017b   Thumb Code     0  startup_lpc11xx.o(.text)
    PIOINT0_IRQHandler                       0x0000017b   Thumb Code     0  startup_lpc11xx.o(.text)
    PIOINT1_IRQHandler                       0x0000017b   Thumb Code     0  startup_lpc11xx.o(.text)
    PIOINT2_IRQHandler                       0x0000017b   Thumb Code     0  startup_lpc11xx.o(.text)
    PIOINT3_IRQHandler                       0x0000017b   Thumb Code     0  startup_lpc11xx.o(.text)
    SSP0_IRQHandler                          0x0000017b   Thumb Code     0  startup_lpc11xx.o(.text)
    SSP1_IRQHandler                          0x0000017b   Thumb Code     0  startup_lpc11xx.o(.text)
    TIMER16_0_IRQHandler                     0x0000017b   Thumb Code     0  startup_lpc11xx.o(.text)
    TIMER16_1_IRQHandler                     0x0000017b   Thumb Code     0  startup_lpc11xx.o(.text)
    TIMER32_0_IRQHandler                     0x0000017b   Thumb Code     0  startup_lpc11xx.o(.text)
    TIMER32_1_IRQHandler                     0x0000017b   Thumb Code     0  startup_lpc11xx.o(.text)
    USB_FIQHandler                           0x0000017b   Thumb Code     0  startup_lpc11xx.o(.text)
    USB_IRQHandler                           0x0000017b   Thumb Code     0  startup_lpc11xx.o(.text)
    WAKEUP_IRQHandler                        0x0000017b   Thumb Code     0  startup_lpc11xx.o(.text)
    WDT_IRQHandler                           0x0000017b   Thumb Code     0  startup_lpc11xx.o(.text)
    __user_initial_stackheap                 0x0000017d   Thumb Code     0  startup_lpc11xx.o(.text)
    spi_Init                                 0x0000019d   Thumb Code    66  lpc11xx_spi.o(.text)
    spi_SetReg                               0x000001df   Thumb Code    70  lpc11xx_spi.o(.text)
    spi_GetReg                               0x00000225   Thumb Code    72  lpc11xx_spi.o(.text)
    spi_GetReg2                              0x0000026d   Thumb Code    74  lpc11xx_spi.o(.text)
    __use_two_region_memory                  0x000002cd   Thumb Code     2  heapauxi.o(.text)
    __rt_heap_escrow$2region                 0x000002cf   Thumb Code     2  heapauxi.o(.text)
    __rt_heap_expand$2region                 0x000002d1   Thumb Code     2  heapauxi.o(.text)
    exit                                     0x000002d3   Thumb Code    12  exit.o(.text)
    __user_libspace                          0x000002e1   Thumb Code     8  libspace.o(.text)
    __user_perproc_libspace                  0x000002e1   Thumb Code     0  libspace.o(.text)
    __user_perthread_libspace                0x000002e1   Thumb Code     0  libspace.o(.text)
    _sys_exit                                0x000002e9   Thumb Code     8  sys_exit.o(.text)
    __I$use$semihosting                      0x000002f5   Thumb Code     0  use_no_semi.o(.text)
    __use_no_semihosting_swi                 0x000002f5   Thumb Code     2  use_no_semi.o(.text)
    __I$use$fp                               0x000002f6   Number         0  usenofp.o(x$fpl$usenofp)
    __semihosting_library_function           0x000002f7   Thumb Code     0  indicate_semi.o(.text)
    pcd_Init                                 0x00000301   Thumb Code    20  fm175xx.o(.text)
    NRSTPD_CTRL                              0x00000315   Thumb Code    22  fm175xx.o(.text)
    ModifyReg                                0x0000032b   Thumb Code    72  fm175xx.o(.text)
    pcd_RST                                  0x00000373   Thumb Code    30  fm175xx.o(.text)
    MCU_TO_PCD_TEST                          0x00000391   Thumb Code    62  fm175xx.o(.text)
    Read_Reg                                 0x000003cf   Thumb Code    16  fm175xx.o(.text)
    Read_Reg_All                             0x000003df   Thumb Code    28  fm175xx.o(.text)
    Write_Reg                                0x000003fb   Thumb Code    18  fm175xx.o(.text)
    Read_FIFO                                0x0000040d   Thumb Code     2  fm175xx.o(.text)
    Write_FIFO                               0x0000040f   Thumb Code     2  fm175xx.o(.text)
    Set_BitMask                              0x00000411   Thumb Code    30  fm175xx.o(.text)
    Clear_FIFO                               0x0000042f   Thumb Code    28  fm175xx.o(.text)
    Clear_BitMask                            0x0000044b   Thumb Code    30  fm175xx.o(.text)
    Set_Rf                                   0x00000469   Thumb Code    90  fm175xx.o(.text)
    Pcd_Comm                                 0x000004c3   Thumb Code   294  fm175xx.o(.text)
    Pcd_SetTimer                             0x000005e9   Thumb Code    86  fm175xx.o(.text)
    Pcd_ConfigISOType                        0x0000063f   Thumb Code    96  fm175xx.o(.text)
    FM175X_SoftReset                         0x0000069f   Thumb Code    20  fm175xx.o(.text)
    FM175X_HardReset                         0x000006b3   Thumb Code    32  fm175xx.o(.text)
    FM175X_SoftPowerdown                     0x000006d3   Thumb Code    62  fm175xx.o(.text)
    FM175X_HardPowerdown                     0x00000711   Thumb Code     4  fm175xx.o(.text)
    Read_Ext_Reg                             0x00000715   Thumb Code    24  fm175xx.o(.text)
    Write_Ext_Reg                            0x0000072d   Thumb Code    32  fm175xx.o(.text)
    FM175XX_Initial                          0x0000074d   Thumb Code    26  fm175xx.o(.text)
    uartInit                                 0x00000769   Thumb Code   154  uart.o(.text)
    uartSendByte                             0x00000803   Thumb Code    18  uart.o(.text)
    uartSendStr                              0x00000815   Thumb Code    26  uart.o(.text)
    UART_IRQHandler                          0x0000082f   Thumb Code   140  uart.o(.text)
    SystemFrequencyUpdate                    0x0000094d   Thumb Code   396  system_lpc11xx.o(.text)
    SystemInit                               0x00000ad9   Thumb Code   160  system_lpc11xx.o(.text)
    GetByteSum                               0x00000bcd   Thumb Code    26  utility.o(.text)
    GetByteBCC                               0x00000be7   Thumb Code    32  utility.o(.text)
    Delay100us                               0x00000c07   Thumb Code    24  utility.o(.text)
    Uart_Send                                0x00000c21   Thumb Code    14  main.o(.text)
    main                                     0x00000c2f   Thumb Code   328  main.o(.text)
    LpcdParamInit                            0x00000da9   Thumb Code   212  lpcd_api.o(.text)
    LpcdRegisterInit                         0x00000e7d   Thumb Code   350  lpcd_api.o(.text)
    LpcdSet_DetectSensitive                  0x00000fdb   Thumb Code   136  lpcd_api.o(.text)
    LpcdInitCalibra                          0x00001451   Thumb Code   262  lpcd_api.o(.text)
    LpcdCardIn_IRQHandler                    0x00001557   Thumb Code    86  lpcd_api.o(.text)
    LpcdAutoWakeUp_IRQHandler                0x000015ad   Thumb Code   160  lpcd_api.o(.text)
    GetReg_Ext                               0x0000165d   Thumb Code    62  lpcd_regctrl.o(.text)
    SetReg_Ext                               0x0000169b   Thumb Code    62  lpcd_regctrl.o(.text)
    ModifyReg_Ext                            0x000016d9   Thumb Code    66  lpcd_regctrl.o(.text)
    __aeabi_uidiv                            0x0000171b   Thumb Code     0  aeabi_sdiv.o(.text)
    __aeabi_uidivmod                         0x0000171b   Thumb Code    20  aeabi_sdiv.o(.text)
    __aeabi_idiv                             0x0000172f   Thumb Code     0  aeabi_sdiv.o(.text)
    __aeabi_idivmod                          0x0000172f   Thumb Code   326  aeabi_sdiv.o(.text)
    __aeabi_f2uiz                            0x00001875   Thumb Code     0  ffixui.o(.text)
    _ffixu                                   0x00001875   Thumb Code    48  ffixui.o(.text)
    __aeabi_i2f_normalise                    0x000018a5   Thumb Code    72  fflti.o(.text)
    __aeabi_i2f                              0x000018ed   Thumb Code    16  fflti.o(.text)
    _fflt                                    0x000018ed   Thumb Code     0  fflti.o(.text)
    __aeabi_ui2f                             0x000018fd   Thumb Code     6  fflti.o(.text)
    _ffltu                                   0x000018fd   Thumb Code     0  fflti.o(.text)
    __user_setup_stackheap                   0x00001903   Thumb Code    62  sys_stackheap_outer.o(.text)
    __ARM_common_switch8                     0x00001941   Thumb Code    28  system_lpc11xx.o(i.__ARM_common_switch8)
    __aeabi_fmul                             0x0000195d   Thumb Code     0  fmul.o(x$fpl$fmul)
    _fmul                                    0x0000195d   Thumb Code   172  fmul.o(x$fpl$fmul)
    Region$$Table$$Base                      0x00001a0c   Number         0  anon$$obj.o(Region$$Table)
    Region$$Table$$Limit                     0x00001a2c   Number         0  anon$$obj.o(Region$$Table)
    GucRcvNew                                0x10000000   Data           1  uart.o(.data)
    GulNum                                   0x10000001   Data           1  uart.o(.data)
    SystemFrequency                          0x10000004   Data           4  system_lpc11xx.o(.data)
    system_info                              0x10000008   Data          51  main.o(.data)
    DefualtKey                               0x1000003b   Data           6  main.o(.data)
    DefualtData                              0x10000041   Data          16  main.o(.data)
    Event_Flag                               0x10000051   Data           1  main.o(.data)
    Event_FM175XX_IRQ                        0x10000052   Data           1  main.o(.data)
    LpcdFunc                                 0x10000053   Data           1  main.o(.data)
    T3ClkDivK                                0x10000054   Data           1  lpcd_api.o(.data)
    LpcdBiasCurrent                          0x10000055   Data           1  lpcd_api.o(.data)
    LpcdGainReduce                           0x10000056   Data           1  lpcd_api.o(.data)
    LpcdGainAmplify                          0x10000057   Data           1  lpcd_api.o(.data)
    LpcdADCRefernce                          0x10000058   Data           1  lpcd_api.o(.data)
    Timer1Cfg                                0x10000059   Data           1  lpcd_api.o(.data)
    Timer2Cfg                                0x1000005a   Data           1  lpcd_api.o(.data)
    Timer3Cfg                                0x1000005b   Data           1  lpcd_api.o(.data)
    ADCResultFullScale                       0x1000005c   Data           1  lpcd_api.o(.data)
    ADCResultThreshold                       0x1000005d   Data           1  lpcd_api.o(.data)
    LpcdThreshold_L                          0x1000005e   Data           1  lpcd_api.o(.data)
    LpcdThreshold_H                          0x1000005f   Data           1  lpcd_api.o(.data)
    ADCResultCenter                          0x10000060   Data           1  lpcd_api.o(.data)
    Send_Buff                                0x10000064   Data         100  uart.o(.bss)
    Recv_Buff                                0x100000c8   Data         100  uart.o(.bss)
    __libspace_start                         0x1000012c   Data          96  libspace.o(.bss)
    __temporary_stack_top$libspace           0x1000018c   Data           0  libspace.o(.bss)



==============================================================================

Memory Map of the image

  Image Entry point : 0x000000c1

  Load Region LR_IROM1 (Base: 0x00000000, Size: 0x00001a90, Max: 0x00008000, ABSOLUTE)

    Execution Region ER_IROM1 (Base: 0x00000000, Size: 0x00001a2c, Max: 0x00008000, ABSOLUTE)

    Base Addr    Size         Type   Attr      Idx    E Section Name        Object

    0x00000000   0x000000c0   Data   RO            3    RESET               startup_lpc11xx.o
    0x000000c0   0x00000008   Code   RO          372  * !!!main             c_p.l(__main.o)
    0x000000c8   0x0000003c   Code   RO          545    !!!scatter          c_p.l(__scatter.o)
    0x00000104   0x0000001a   Code   RO          547    !!handler_copy      c_p.l(__scatter_copy.o)
    0x0000011e   0x00000002   PAD
    0x00000120   0x0000001c   Code   RO          549    !!handler_zi        c_p.l(__scatter_zi.o)
    0x0000013c   0x00000002   Code   RO          417    .ARM.Collect$$libinit$$00000000  c_p.l(libinit.o)
    0x0000013e   0x00000004   Code   RO          430    .ARM.Collect$$libinit$$00000001  c_p.l(libinit2.o)
    0x00000142   0x00000000   Code   RO          434    .ARM.Collect$$libinit$$00000008  c_p.l(libinit2.o)
    0x00000142   0x00000000   Code   RO          436    .ARM.Collect$$libinit$$0000000A  c_p.l(libinit2.o)
    0x00000142   0x00000000   Code   RO          438    .ARM.Collect$$libinit$$0000000C  c_p.l(libinit2.o)
    0x00000142   0x00000000   Code   RO          441    .ARM.Collect$$libinit$$0000000F  c_p.l(libinit2.o)
    0x00000142   0x00000000   Code   RO          443    .ARM.Collect$$libinit$$00000011  c_p.l(libinit2.o)
    0x00000142   0x00000000   Code   RO          445    .ARM.Collect$$libinit$$00000013  c_p.l(libinit2.o)
    0x00000142   0x00000000   Code   RO          447    .ARM.Collect$$libinit$$00000015  c_p.l(libinit2.o)
    0x00000142   0x00000000   Code   RO          449    .ARM.Collect$$libinit$$00000017  c_p.l(libinit2.o)
    0x00000142   0x00000000   Code   RO          451    .ARM.Collect$$libinit$$00000019  c_p.l(libinit2.o)
    0x00000142   0x00000000   Code   RO          453    .ARM.Collect$$libinit$$0000001B  c_p.l(libinit2.o)
    0x00000142   0x00000000   Code   RO          455    .ARM.Collect$$libinit$$0000001D  c_p.l(libinit2.o)
    0x00000142   0x00000000   Code   RO          457    .ARM.Collect$$libinit$$0000001F  c_p.l(libinit2.o)
    0x00000142   0x00000000   Code   RO          459    .ARM.Collect$$libinit$$00000021  c_p.l(libinit2.o)
    0x00000142   0x00000000   Code   RO          461    .ARM.Collect$$libinit$$00000023  c_p.l(libinit2.o)
    0x00000142   0x00000000   Code   RO          465    .ARM.Collect$$libinit$$0000002A  c_p.l(libinit2.o)
    0x00000142   0x00000000   Code   RO          467    .ARM.Collect$$libinit$$0000002C  c_p.l(libinit2.o)
    0x00000142   0x00000000   Code   RO          469    .ARM.Collect$$libinit$$0000002E  c_p.l(libinit2.o)
    0x00000142   0x00000000   Code   RO          471    .ARM.Collect$$libinit$$00000030  c_p.l(libinit2.o)
    0x00000142   0x00000002   Code   RO          472    .ARM.Collect$$libinit$$00000031  c_p.l(libinit2.o)
    0x00000144   0x00000002   Code   RO          503    .ARM.Collect$$libshutdown$$00000000  c_p.l(libshutdown.o)
    0x00000146   0x00000000   Code   RO          530    .ARM.Collect$$libshutdown$$00000003  c_p.l(libshutdown2.o)
    0x00000146   0x00000000   Code   RO          533    .ARM.Collect$$libshutdown$$00000006  c_p.l(libshutdown2.o)
    0x00000146   0x00000000   Code   RO          536    .ARM.Collect$$libshutdown$$00000009  c_p.l(libshutdown2.o)
    0x00000146   0x00000000   Code   RO          538    .ARM.Collect$$libshutdown$$0000000B  c_p.l(libshutdown2.o)
    0x00000146   0x00000000   Code   RO          541    .ARM.Collect$$libshutdown$$0000000E  c_p.l(libshutdown2.o)
    0x00000146   0x00000002   Code   RO          542    .ARM.Collect$$libshutdown$$0000000F  c_p.l(libshutdown2.o)
    0x00000148   0x00000000   Code   RO          380    .ARM.Collect$$rtentry$$00000000  c_p.l(rtentry.o)
    0x00000148   0x00000000   Code   RO          387    .ARM.Collect$$rtentry$$00000002  c_p.l(rtentry2.o)
    0x00000148   0x00000006   Code   RO          399    .ARM.Collect$$rtentry$$00000004  c_p.l(rtentry4.o)
    0x0000014e   0x00000000   Code   RO          389    .ARM.Collect$$rtentry$$00000009  c_p.l(rtentry2.o)
    0x0000014e   0x00000004   Code   RO          390    .ARM.Collect$$rtentry$$0000000A  c_p.l(rtentry2.o)
    0x00000152   0x00000000   Code   RO          392    .ARM.Collect$$rtentry$$0000000C  c_p.l(rtentry2.o)
    0x00000152   0x00000008   Code   RO          393    .ARM.Collect$$rtentry$$0000000D  c_p.l(rtentry2.o)
    0x0000015a   0x00000002   Code   RO          422    .ARM.Collect$$rtexit$$00000000  c_p.l(rtexit.o)
    0x0000015c   0x00000000   Code   RO          476    .ARM.Collect$$rtexit$$00000002  c_p.l(rtexit2.o)
    0x0000015c   0x00000004   Code   RO          477    .ARM.Collect$$rtexit$$00000003  c_p.l(rtexit2.o)
    0x00000160   0x00000006   Code   RO          478    .ARM.Collect$$rtexit$$00000004  c_p.l(rtexit2.o)
    0x00000166   0x00000002   PAD
    0x00000168   0x00000034   Code   RO            5    .text               startup_lpc11xx.o
    0x0000019c   0x00000130   Code   RO          146    .text               lpc11xx_spi.o
    0x000002cc   0x00000006   Code   RO          370    .text               c_p.l(heapauxi.o)
    0x000002d2   0x0000000c   Code   RO          406    .text               c_p.l(exit.o)
    0x000002de   0x00000002   PAD
    0x000002e0   0x00000008   Code   RO          418    .text               c_p.l(libspace.o)
    0x000002e8   0x0000000c   Code   RO          473    .text               c_p.l(sys_exit.o)
    0x000002f4   0x00000002   Code   RO          492    .text               c_p.l(use_no_semi.o)
    0x000002f6   0x00000000   Code   RO          494    .text               c_p.l(indicate_semi.o)
    0x000002f6   0x00000000   Code   RO          385    x$fpl$usenofp       fz_ps.l(usenofp.o)
    0x000002f6   0x00000006   PAD
    0x000002fc   0x00000004   Code   RO            4    .ARM.__at_0x02FC    startup_lpc11xx.o
    0x00000300   0x00000466   Code   RO           15    .text               fm175xx.o
    0x00000766   0x00000002   PAD
    0x00000768   0x000001e4   Code   RO           77    .text               uart.o
    0x0000094c   0x00000280   Code   RO          111    .text               system_lpc11xx.o
    0x00000bcc   0x00000052   Code   RO          227    .text               utility.o
    0x00000c1e   0x00000002   PAD
    0x00000c20   0x00000188   Code   RO          248    .text               main.o
    0x00000da8   0x000008b4   Code   RO          303    .text               lpcd_api.o
    0x0000165c   0x000000be   Code   RO          345    .text               lpcd_regctrl.o
    0x0000171a   0x0000015a   Code   RO          366    .text               c_p.l(aeabi_sdiv.o)
    0x00001874   0x00000030   Code   RO          374    .text               fz_ps.l(ffixui.o)
    0x000018a4   0x0000005e   Code   RO          376    .text               fz_ps.l(fflti.o)
    0x00001902   0x0000003e   Code   RO          403    .text               c_p.l(sys_stackheap_outer.o)
    0x00001940   0x0000001c   Code   RO          123    i.__ARM_common_switch8  system_lpc11xx.o
    0x0000195c   0x000000b0   Code   RO          378    x$fpl$fmul          fz_ps.l(fmul.o)
    0x00001a0c   0x00000020   Data   RO          543    Region$$Table       anon$$obj.o


    Execution Region RW_IRAM1 (Base: 0x10000000, Size: 0x00000390, Max: 0x00002000, ABSOLUTE)

    Base Addr    Size         Type   Attr      Idx    E Section Name        Object

    0x10000000   0x00000002   Data   RW           79    .data               uart.o
    0x10000002   0x00000002   PAD
    0x10000004   0x00000004   Data   RW          112    .data               system_lpc11xx.o
    0x10000008   0x0000004c   Data   RW          249    .data               main.o
    0x10000054   0x0000000d   Data   RW          305    .data               lpcd_api.o
    0x10000061   0x00000003   PAD
    0x10000064   0x000000c8   Zero   RW           78    .bss                uart.o
    0x1000012c   0x00000060   Zero   RW          419    .bss                c_p.l(libspace.o)
    0x1000018c   0x00000004   PAD
    0x10000190   0x00000000   Zero   RW            2    HEAP                startup_lpc11xx.o
    0x10000190   0x00000200   Zero   RW            1    STACK               startup_lpc11xx.o


==============================================================================

Image component sizes


      Code (inc. data)   RO Data    RW Data    ZI Data      Debug   Object Name

      1126         26          0          0          0      18149   fm175xx.o
       304         22          0          0          0       1481   lpc11xx_spi.o
      2228        110          0         13          0       5678   lpcd_api.o
       190          0          0          0          0       1394   lpcd_regctrl.o
       392         50          0         76          0       1948   main.o
        56         26        192          0        512        752   startup_lpc11xx.o
       668        102          0          4          0       1237   system_lpc11xx.o
       484         36          0          2        200       7597   uart.o
        82          0          0          0          0       1319   utility.o

    ----------------------------------------------------------------------
      5534        372        224        100        712      39555   Object Totals
         0          0         32          0          0          0   (incl. Generated)
         4          0          0          5          0          0   (incl. Padding)

    ----------------------------------------------------------------------

      Code (inc. data)   RO Data    RW Data    ZI Data      Debug   Library Member Name

         8          0          0          0          0         68   __main.o
        60          8          0          0          0          0   __scatter.o
        26          0          0          0          0          0   __scatter_copy.o
        28          0          0          0          0          0   __scatter_zi.o
       346          0          0          0          0         92   aeabi_sdiv.o
        12          0          0          0          0         64   exit.o
         6          0          0          0          0        136   heapauxi.o
         0          0          0          0          0          0   indicate_semi.o
         2          0          0          0          0          0   libinit.o
         6          0          0          0          0          0   libinit2.o
         2          0          0          0          0          0   libshutdown.o
         2          0          0          0          0          0   libshutdown2.o
         8          4          0          0         96         68   libspace.o
         0          0          0          0          0          0   rtentry.o
        12          0          0          0          0          0   rtentry2.o
         6          0          0          0          0          0   rtentry4.o
         2          0          0          0          0          0   rtexit.o
        10          0          0          0          0          0   rtexit2.o
        12          4          0          0          0         60   sys_exit.o
        62          0          0          0          0         80   sys_stackheap_outer.o
         2          0          0          0          0         68   use_no_semi.o
        48          0          0          0          0         60   ffixui.o
        94          0          0          0          0         92   fflti.o
       176          4          0          0          0         80   fmul.o
         0          0          0          0          0          0   usenofp.o

    ----------------------------------------------------------------------
       942         20          0          0        100        868   Library Totals
        12          0          0          0          4          0   (incl. Padding)

    ----------------------------------------------------------------------

      Code (inc. data)   RO Data    RW Data    ZI Data      Debug   Library Name

       612         16          0          0         96        636   c_p.l
       318          4          0          0          0        232   fz_ps.l

    ----------------------------------------------------------------------
       942         20          0          0        100        868   Library Totals

    ----------------------------------------------------------------------

==============================================================================


      Code (inc. data)   RO Data    RW Data    ZI Data      Debug   

      6476        392        224        100        812      39363   Grand Totals
      6476        392        224        100        812      39363   ELF Image Totals
      6476        392        224        100          0          0   ROM Totals

==============================================================================

    Total RO  Size (Code + RO Data)                 6700 (   6.54kB)
    Total RW  Size (RW Data + ZI Data)               912 (   0.89kB)
    Total ROM Size (Code + RO Data + RW Data)       6800 (   6.64kB)

==============================================================================

